Traceback (most recent call last):
  File "/Users/matteo/miniforge3/envs/jbook1/lib/python3.10/site-packages/jupyter_cache/executors/utils.py", line 58, in single_nb_execution
    executenb(
  File "/Users/matteo/miniforge3/envs/jbook1/lib/python3.10/site-packages/nbclient/client.py", line 1305, in execute
    return NotebookClient(nb=nb, resources=resources, km=km, **kwargs).execute()
  File "/Users/matteo/miniforge3/envs/jbook1/lib/python3.10/site-packages/jupyter_core/utils/__init__.py", line 165, in wrapped
    return loop.run_until_complete(inner)
  File "/Users/matteo/miniforge3/envs/jbook1/lib/python3.10/asyncio/base_events.py", line 649, in run_until_complete
    return future.result()
  File "/Users/matteo/miniforge3/envs/jbook1/lib/python3.10/site-packages/nbclient/client.py", line 705, in async_execute
    await self.async_execute_cell(
  File "/Users/matteo/miniforge3/envs/jbook1/lib/python3.10/site-packages/nbclient/client.py", line 1058, in async_execute_cell
    await self._check_raise_for_error(cell, cell_index, exec_reply)
  File "/Users/matteo/miniforge3/envs/jbook1/lib/python3.10/site-packages/nbclient/client.py", line 914, in _check_raise_for_error
    raise CellExecutionError.from_cell_and_msg(cell, exec_reply_content)
nbclient.exceptions.CellExecutionError: An error occurred while executing the following cell:
------------------
import numpy as np
import matplotlib.pyplot as plt 
from matplotlib.pyplot import cm

#Plotting
figure=plt.figure()
axes = figure.add_axes([0.1,0.1,1.2,1.2])
plt.xticks(fontsize=14)
plt.yticks(fontsize=14)


# molar fraction in the feed
z = 0.3
N = 500 #number of points
C = np.linspace(0, 1, N)
B0 = np.array([0.1, 1, 2, 5, 10, 50, 100, 1000]);

color=iter(cm.gist_heat(np.linspace(0,1,np.size(B0))))

for i in range(0,np.size(B0)):     
    c=next(color)
    #Langmuir isotherm
    Gamma1 = B0[i]*C / (1 + B0[i]*C) 
    axes.plot(C,Gamma1, marker=' ' , c=c)

    
plt.title('Langmuir Isotherm', fontsize=18);
axes.set_xlabel('C [mol l$^{-1}$]', fontsize=14);
axes.set_ylabel('$\Gamma_1$',fontsize=18);
------------------


[0;31m---------------------------------------------------------------------------[0m
[0;31mModuleNotFoundError[0m                       Traceback (most recent call last)
Cell [0;32mIn[1], line 1[0m
[0;32m----> 1[0m [38;5;28;01mimport[39;00m[38;5;250m [39m[38;5;21;01mnumpy[39;00m[38;5;250m [39m[38;5;28;01mas[39;00m[38;5;250m [39m[38;5;21;01mnp[39;00m
[1;32m      2[0m [38;5;28;01mimport[39;00m[38;5;250m [39m[38;5;21;01mmatplotlib[39;00m[38;5;21;01m.[39;00m[38;5;21;01mpyplot[39;00m[38;5;250m [39m[38;5;28;01mas[39;00m[38;5;250m [39m[38;5;21;01mplt[39;00m 
[1;32m      3[0m [38;5;28;01mfrom[39;00m[38;5;250m [39m[38;5;21;01mmatplotlib[39;00m[38;5;21;01m.[39;00m[38;5;21;01mpyplot[39;00m[38;5;250m [39m[38;5;28;01mimport[39;00m cm

[0;31mModuleNotFoundError[0m: No module named 'numpy'

