\BOOKMARK [1][-]{section.0.1}{1.\040Material\040Balances\040in\040a\040Gas\040Permeation\040Unit}{}% 1
\BOOKMARK [2][-]{subsection.0.1.1}{1.1\040Operating\040Equation}{section.0.1}% 2
\BOOKMARK [3][-]{subsubsection*.3}{Graphical\040Representation}{subsection.0.1.1}% 3
\BOOKMARK [2][-]{subsection.0.1.2}{1.2\040Rate\040Transfer\040Equation}{section.0.1}% 4
\BOOKMARK [3][-]{subsubsection*.4}{Graphical\040Representation}{subsection.0.1.2}% 5
\BOOKMARK [3][-]{subsubsection*.5}{Numerical\040Solution}{subsection.0.1.2}% 6
\BOOKMARK [2][-]{subsection.0.1.3}{Contributions}{section.0.1}% 7
\BOOKMARK [1][-]{section.0.2}{2.\040Pervaporation}{}% 8
\BOOKMARK [2][-]{subsection.0.2.1}{2.1\040Vapour-Liquid\040Equilibrium\040in\040a\040Pervaporation\040unit}{section.0.2}% 9
\BOOKMARK [2][-]{subsection.0.2.2}{2.2\040Vapour-Liquid\040Equilibrium\040conditions}{section.0.2}% 10
\BOOKMARK [2][-]{subsection.0.2.3}{2.3\040Flux\040Equation\040in\040a\040pervaporation\040Unit}{section.0.2}% 11
\BOOKMARK [1][-]{section.0.3}{3.\040The\040Osmotic\040Pressure}{}% 12
\BOOKMARK [2][-]{subsection.0.3.1}{3.1\040Osmosis}{section.0.3}% 13
\BOOKMARK [2][-]{subsection.0.3.2}{3.2\040Equilibrium\040Conditions}{section.0.3}% 14
\BOOKMARK [2][-]{subsection.0.3.3}{3.3\040The\040Osmotic\040Pressure}{section.0.3}% 15
\BOOKMARK [3][-]{subsubsection*.6}{3.3.1\040Dependence\040of\040the\040Osmotic\040pressure\040on\040the\040composition\040of\040the\040system}{subsection.0.3.3}% 16
\BOOKMARK [2][-]{subsection.0.3.4}{3.4\040Flux\040of\040the\040solvent\040during\040Osmosis}{section.0.3}% 17
\BOOKMARK [1][-]{section.0.4}{4.\040Membrane\040Processes\040Layouts}{}% 18
\BOOKMARK [2][-]{subsection.0.4.1}{4.1\040Batch}{section.0.4}% 19
\BOOKMARK [2][-]{subsection.0.4.2}{4.2\040Feed\040and\040Bleed}{section.0.4}% 20
\BOOKMARK [2][-]{subsection.0.4.3}{4.3\040Cascade\040configuration}{section.0.4}% 21
\BOOKMARK [1][-]{section.0.5}{5.\040The\040Langmuir\040Isotherm}{}% 22
\BOOKMARK [2][-]{subsection.0.5.1}{5.1\040Isotherm\040dependence\040on\040B0}{section.0.5}% 23
\BOOKMARK [2][-]{subsection.0.5.2}{5.2\040Concentration\040in\040the\040adsorbed\040phase.}{section.0.5}% 24
\BOOKMARK [2][-]{subsection.0.5.3}{5.3\040Langmuir\040isotherm\040in\040the\040gas\040phase.}{section.0.5}% 25
\BOOKMARK [2][-]{subsection.0.5.4}{5.4\040Multicomponent,\040competitive\040adsorption}{section.0.5}% 26
\BOOKMARK [1][-]{section.0.6}{6.\040The\040BET\040Isotherm}{}% 27
\BOOKMARK [2][-]{subsection.0.6.1}{6.1\040Many\040isotherm\040shapes\040from\040the\040same\040expression}{section.0.6}% 28
\BOOKMARK [1][-]{section.0.7}{7.\040Equilibria\040in\040Ion\040Exchange\040Systems}{}% 29
\BOOKMARK [2][-]{subsection.0.7.1}{7.1\040Monovalent,\040symmetric\040cation\040exchange.}{section.0.7}% 30
\BOOKMARK [2][-]{subsection.0.7.2}{7.2\040Example\040problem}{section.0.7}% 31
\BOOKMARK [1][-]{section.0.8}{8.\040Batch\040Slurry\040Adsorption}{}% 32
\BOOKMARK [2][-]{subsection.0.8.1}{8.1\040Problem\040Statement}{section.0.8}% 33
\BOOKMARK [2][-]{subsection.0.8.2}{8.2\040Material\040Balance\040in\040a\040Batch\040Slurry\040adsorption\040process}{section.0.8}% 34
\BOOKMARK [2][-]{subsection.0.8.3}{8.3\040Continuous\040Slurry\040Adsorption}{section.0.8}% 35
\BOOKMARK [2][-]{subsection.0.8.4}{Contributions}{section.0.8}% 36
\BOOKMARK [1][-]{section.0.9}{9.\040Liquid/Solid\040Equilibrium\040in\040multicomponent\040systems:\040defining\040solubility}{}% 37
\BOOKMARK [2][-]{subsection.0.9.1}{Fugacity\040of\040a\040real\040solution}{section.0.9}% 38
\BOOKMARK [2][-]{subsection.0.9.2}{Fugacity\040of\040a\040pure\040crystalline\040solid}{section.0.9}% 39
\BOOKMARK [2][-]{subsection.0.9.3}{Enthalpy\040of\040phase\040transition\040at\040T\040and\040P\040for\040pure\040solute}{section.0.9}% 40
\BOOKMARK [2][-]{subsection.0.9.4}{Entropy\040of\040phase\040transition\040at\040T\040and\040P\040for\040pure\040solute}{section.0.9}% 41
\BOOKMARK [2][-]{subsection.0.9.5}{Free\040energy\040of\040phase\040transition\040at\040T\040and\040P\040for\040pure\040solute}{section.0.9}% 42
\BOOKMARK [2][-]{subsection.0.9.6}{Solubility}{section.0.9}% 43
\BOOKMARK [2][-]{subsection.0.9.7}{The\040Schroeder-Van\040Laar\040Equation}{section.0.9}% 44
\BOOKMARK [1][-]{section.0.10}{10.\040MSMPR\040Crystallizer:\040population\040balance}{}% 45
\BOOKMARK [2][-]{subsection.0.10.1}{10.0\040Material\040Balance}{section.0.10}% 46
\BOOKMARK [2][-]{subsection.0.10.2}{10.1\040Number\040and\040number\040population\040density}{section.0.10}% 47
\BOOKMARK [2][-]{subsection.0.10.3}{10.2\040Population\040Balance\040in\040an\040MSMPR\040crystallizer}{section.0.10}% 48
\BOOKMARK [2][-]{subsection.0.10.4}{10.3 Particle size distribution and process parameters: τ, G, J}{section.0.10}% 49
\BOOKMARK [2][-]{subsection.0.10.5}{10.4\040Moments\040of\040the\040PSD\040in\040a\040MSMPR\040crystallizer}{section.0.10}% 50
\BOOKMARK [2][-]{subsection.0.10.6}{10.5\040Adimensional\040Mass\040distribution\040and\040dominant\040crystal\040size}{section.0.10}% 51
\BOOKMARK [2][-]{subsection.0.10.7}{Contributions}{section.0.10}% 52
\BOOKMARK [1][-]{section.0.11}{Week\0402\040-\040Exercise}{}% 53
\BOOKMARK [2][-]{subsection.0.11.1}{Problem\040Statement}{section.0.11}% 54
\BOOKMARK [2][-]{subsection.0.11.2}{Solution\040trace}{section.0.11}% 55
\BOOKMARK [2][-]{subsection.0.11.3}{Contributions}{section.0.11}% 56
\BOOKMARK [1][-]{section.0.12}{Week\0403\040-\040Exercise}{}% 57
\BOOKMARK [2][-]{subsection.0.12.1}{Problem\040Statement}{section.0.12}% 58
\BOOKMARK [2][-]{subsection.0.12.2}{Solution\040trace}{section.0.12}% 59
\BOOKMARK [2][-]{subsection.0.12.3}{Contributions}{section.0.12}% 60
\BOOKMARK [1][-]{section.0.13}{Week\0404\040-\040Exercise}{}% 61
\BOOKMARK [2][-]{subsection.0.13.1}{Problem\040Statement}{section.0.13}% 62
\BOOKMARK [2][-]{subsection.0.13.2}{Requests}{section.0.13}% 63
\BOOKMARK [2][-]{subsection.0.13.3}{Solution:}{section.0.13}% 64
\BOOKMARK [2][-]{subsection.0.13.4}{Request\0401}{section.0.13}% 65
\BOOKMARK [3][-]{subsubsection*.7}{Mass\040Balance:}{subsection.0.13.4}% 66
\BOOKMARK [3][-]{subsubsection*.8}{Volume\040Balance:}{subsection.0.13.4}% 67
\BOOKMARK [2][-]{subsection.0.13.5}{Request\0402}{section.0.13}% 68
\BOOKMARK [2][-]{subsection.0.13.6}{Refinement\040of\040the\040GAMS\040Solution:}{section.0.13}% 69
\BOOKMARK [1][-]{section.0.14}{Week\0405\040-\040Exercise}{}% 70
\BOOKMARK [2][-]{subsection.0.14.1}{Problem\040Statement}{section.0.14}% 71
\BOOKMARK [3][-]{subsubsection*.9}{Determine:}{subsection.0.14.1}% 72
\BOOKMARK [3][-]{subsubsection*.10}{Solution}{subsection.0.14.1}% 73
\BOOKMARK [1][-]{section.0.15}{Week\0406\040-\040Exercise}{}% 74
\BOOKMARK [2][-]{subsection.0.15.1}{Problem\040Statement}{section.0.15}% 75
\BOOKMARK [1][-]{section.0.16}{Week\0408\040-\040Exercise}{}% 76
\BOOKMARK [2][-]{subsection.0.16.1}{Problem\040Statement\0401}{section.0.16}% 77
\BOOKMARK [2][-]{subsection.0.16.2}{Solution\040Trace}{section.0.16}% 78
\BOOKMARK [2][-]{subsection.0.16.3}{Problem\040Statement\0402}{section.0.16}% 79
\BOOKMARK [2][-]{subsection.0.16.4}{Solution\040Trace}{section.0.16}% 80
\BOOKMARK [1][-]{section.0.17}{Week\0409\040-\040Exercise}{}% 81
\BOOKMARK [2][-]{subsection.0.17.1}{Problem\040Statement}{section.0.17}% 82
\BOOKMARK [3][-]{subsubsection*.11}{Tasks:}{subsection.0.17.1}% 83
\BOOKMARK [3][-]{subsubsection*.12}{Solution}{subsection.0.17.1}% 84
\BOOKMARK [1][-]{section.0.18}{Week\04010\040-\040Exercise}{}% 85
\BOOKMARK [2][-]{subsection.0.18.1}{Problem\040Statement}{section.0.18}% 86
\BOOKMARK [2][-]{subsection.0.18.2}{Tasks}{section.0.18}% 87
\BOOKMARK [2][-]{subsection.0.18.3}{Solution}{section.0.18}% 88
\BOOKMARK [3][-]{subsubsection*.13}{Task\0401.}{subsection.0.18.3}% 89
\BOOKMARK [3][-]{subsubsection*.14}{Task\0402.}{subsection.0.18.3}% 90
\BOOKMARK [3][-]{subsubsection*.15}{Task\0403.}{subsection.0.18.3}% 91
\BOOKMARK [3][-]{subsubsection*.16}{Task\0404.}{subsection.0.18.3}% 92
\BOOKMARK [3][-]{subsubsection*.17}{Task\0405.}{subsection.0.18.3}% 93
\BOOKMARK [2][-]{subsection.0.18.4}{Additional\040info}{section.0.18}% 94
\BOOKMARK [2][-]{subsection.0.18.5}{Contributions}{section.0.18}% 95
\BOOKMARK [1][-]{section.0.19}{Week\04011\040-\040Exercise}{}% 96
\BOOKMARK [2][-]{subsection.0.19.1}{Problem\040Statement}{section.0.19}% 97
\BOOKMARK [3][-]{subsubsection*.18}{Tasks}{subsection.0.19.1}% 98
\BOOKMARK [3][-]{subsubsection*.19}{Solution}{subsection.0.19.1}% 99
\BOOKMARK [4][-]{paragraph*.20}{Task\0401}{subsubsection*.19}% 100
\BOOKMARK [4][-]{paragraph*.21}{Task\0402\040/\0404}{subsubsection*.19}% 101
\BOOKMARK [4][-]{paragraph*.22}{Task\0403\040/\0404}{subsubsection*.19}% 102
\BOOKMARK [4][-]{paragraph*.23}{Task\0405}{subsubsection*.19}% 103
