Traceback (most recent call last):
  File "/Users/matteo/miniforge3/envs/jbook/lib/python3.12/site-packages/jupyter_core/utils/__init__.py", line 154, in wrapped
    asyncio.get_running_loop()
RuntimeError: no running event loop

During handling of the above exception, another exception occurred:

Traceback (most recent call last):
  File "/Users/matteo/miniforge3/envs/jbook/lib/python3.12/site-packages/jupyter_cache/executors/utils.py", line 58, in single_nb_execution
    executenb(
  File "/Users/matteo/miniforge3/envs/jbook/lib/python3.12/site-packages/nbclient/client.py", line 1319, in execute
    return NotebookClient(nb=nb, resources=resources, km=km, **kwargs).execute()
           ^^^^^^^^^^^^^^^^^^^^^^^^^^^^^^^^^^^^^^^^^^^^^^^^^^^^^^^^^^^^^^^^^^^^^
  File "/Users/matteo/miniforge3/envs/jbook/lib/python3.12/site-packages/jupyter_core/utils/__init__.py", line 158, in wrapped
    return loop.run_until_complete(inner)
           ^^^^^^^^^^^^^^^^^^^^^^^^^^^^^^
  File "/Users/matteo/miniforge3/envs/jbook/lib/python3.12/asyncio/base_events.py", line 691, in run_until_complete
    return future.result()
           ^^^^^^^^^^^^^^^
  File "/Users/matteo/miniforge3/envs/jbook/lib/python3.12/site-packages/nbclient/client.py", line 709, in async_execute
    await self.async_execute_cell(
  File "/Users/matteo/miniforge3/envs/jbook/lib/python3.12/site-packages/nbclient/client.py", line 1062, in async_execute_cell
    await self._check_raise_for_error(cell, cell_index, exec_reply)
  File "/Users/matteo/miniforge3/envs/jbook/lib/python3.12/site-packages/nbclient/client.py", line 918, in _check_raise_for_error
    raise CellExecutionError.from_cell_and_msg(cell, exec_reply_content)
nbclient.exceptions.CellExecutionError: An error occurred while executing the following cell:
------------------
import numpy as np
import matplotlib.pyplot as plt 
from matplotlib.pyplot import cm

#Plotting
figure=plt.figure()
axes = figure.add_axes([0.1,0.1,1.2,1.2])
plt.xticks(fontsize=14)
plt.yticks(fontsize=14)

# Data
G=1
J=1
tau=np.array([0.1, 1, 2, 5, 10, 50, 100, 500]);
N = 500 #number of points
L = np.linspace(0,100, N)

color=iter(cm.coolwarm(np.linspace(0,1,np.size(tau))))

for i in range(0,np.size(tau)):     
    c=next(color)
    n= J / G * np.exp(-L/G/tau[i])
    axes.plot(L,n, marker=' ' , c=c)    
    
plt.title('n(L) vs. residence time', fontsize=18);
axes.set_xlabel('$L$', fontsize=18);
axes.set_ylabel('$n$',fontsize=18);

#########################################################
# Plotting
figure=plt.figure()
axes = figure.add_axes([0.1,0.1,1.2,1.2])
plt.xticks(fontsize=14)
plt.yticks(fontsize=14)

# Data
G=np.array([1, 2, 5, 10, 50, 100, 500]);
J=1;
tau=5;
N = 500 #number of points
L = np.linspace(0,50, N);

color=iter(cm.coolwarm(np.linspace(0,1,np.size(G))));

for i in range(0,np.size(G)):     
    c=next(color)
    n= J / G[i] * np.exp(-L/G[i]/tau)
    axes.plot(L,n, marker=' ' , c=c)    
    
plt.title('n(L) vs. growth rate', fontsize=18);
axes.set_xlabel('$L$', fontsize=18);
axes.set_ylabel('$n$',fontsize=18);


#########################################################
# Plotting
figure=plt.figure()
axes = figure.add_axes([0.1,0.1,1.2,1.2])
plt.Lticks(fontsize=14)
plt.yticks(fontsize=14)

# Data
G=1;
J=np.array([1, 2, 5, 10, 50, 100, 500]);
tau=5;
N = 500 #number of points
L = np.linspace(0,50, N);

color=iter(cm.coolwarm(np.linspace(0,1,np.size(J))));

for i in range(0,np.size(J)):     
    c=next(color)
    n= J[i] / G * np.exp(-L/G/tau)
    axes.plot(L,n, marker=' ' , c=c)    
    
plt.title('n(L) vs. nucleation rate', fontsize=18);
axes.set_xlabel('$L$', fontsize=18);
axes.set_ylabel('$n$',fontsize=18);

------------------


[31m---------------------------------------------------------------------------[39m
[31mModuleNotFoundError[39m                       Traceback (most recent call last)
[36mCell[39m[36m [39m[32mIn[1][39m[32m, line 1[39m
[32m----> [39m[32m1[39m [38;5;28;01mimport[39;00m[38;5;250m [39m[34;01mnumpy[39;00m[38;5;250m [39m[38;5;28;01mas[39;00m[38;5;250m [39m[34;01mnp[39;00m
[32m      2[39m [38;5;28;01mimport[39;00m[38;5;250m [39m[34;01mmatplotlib[39;00m[34;01m.[39;00m[34;01mpyplot[39;00m[38;5;250m [39m[38;5;28;01mas[39;00m[38;5;250m [39m[34;01mplt[39;00m 
[32m      3[39m [38;5;28;01mfrom[39;00m[38;5;250m [39m[34;01mmatplotlib[39;00m[34;01m.[39;00m[34;01mpyplot[39;00m[38;5;250m [39m[38;5;28;01mimport[39;00m cm

[31mModuleNotFoundError[39m: No module named 'numpy'

